ARM Linker, 5.03 [Build 24] [MDK-ARM Standard]

==============================================================================

Section Cross References

    retarget_arm.o(.text) refers to retarget_arm.o(.data) for ITM_RxBuffer
    startup_sim3l1xx_arm.o(RESET) refers to startup_sim3l1xx_arm.o(.text) for Reset_Handler
    startup_sim3l1xx_arm.o(RESET) refers to cpu.o(.text) for NMI_Handler
    startup_sim3l1xx_arm.o(RESET) refers to as3933.o(.text) for PBEXT0_IRQHandler
    startup_sim3l1xx_arm.o(RESET) refers to rf2xx_mcu.o(.text) for PBEXT1_IRQHandler
    startup_sim3l1xx_arm.o(RESET) refers to rtc0.o(.text) for RTC0ALRM_IRQHandler
    startup_sim3l1xx_arm.o(RESET) refers to timeout.o(.text) for TIMER0L_IRQHandler
    startup_sim3l1xx_arm.o(.text) refers to system_sim3l1xx.o(.text) for SystemInit
    startup_sim3l1xx_arm.o(.text) refers to entry.o(.ARM.Collect$$$$00000000) for __main
    main.o(.text) refers to rf2xx_tat.o(.text) for rf2xx_tat_set_trx_state
    main.o(.text) refers to rf2xx_send.o(.text) for mac_send_packet_basic
    main.o(.text) refers to modes.o(.text) for system_init_from_reset
    main.o(.text) refers to si32_rstsrc_a_type.o(.text) for _SI32_RSTSRC_A_get_last_reset_source
    main.o(.text) refers to pmu.o(.text) for led_start
    main.o(.text) refers to flash_operation.o(.text) for read_parameter_from_flash
    main.o(.text) refers to configuration.o(.text) for get_cfg_paras
    main.o(.text) refers to mac_state.o(.text) for mac_init
    main.o(.text) refers to as3933.o(.text) for as3933_init
    main.o(.text) refers to event_exciter.o(.text) for exciterTypeAnalyze
    main.o(.text) refers to main.o(.data) for c_state
    main.o(.text) refers to event_receive_pkt.o(.bss) for frame
    main.o(.text) refers to rtc0.o(.data) for cur_time
    main.o(.text) refers to rf2xx_send.o(.bss) for rfTxInfo
    main.o(.text) refers to rf2xx_version.o(.data) for id
    main.o(.text) refers to as3933.o(.data) for lastEID
    main.o(.text) refers to configuration.o(.bss) for config_item
    main.o(.text) refers to pmu.o(.data) for false_wake_up
    main.o(.text) refers to as3933_hal.o(.text) for as3933_hal_register_read
    main.o(.text) refers to systick.o(.text) for Systick_off
    main.o(.text) refers to wdtimer0.o(.text) for wdtimer_stop
    main.o(.text) refers to event_receive_pkt.o(.text) for send_test_pkt
    main.o(.text) refers to rand.o(.text) for rand
    main.o(.text) refers to rtc_alarm_relative.o(.text) for rtc_alarm_relative_add_item
    main.o(.text) refers to event_wk_time.o(.text) for send_en_pkt
    main.o(.text) refers to rtc0.o(.text) for get_rtc_setcap
    main.o(.text) refers to rf2xx_recv.o(.text) for mac_parze_packet
    main.o(.text) refers to rf2xx_recv.o(.data) for packet_received
    main.o(.text) refers to rf2xx_recv.o(.bss) for rfRxInfo
    configuration.o(.text) refers to rf2xx_tat.o(.text) for rf2xx_tat_set_trx_state
    configuration.o(.text) refers to flash_operation.o(.text) for read_parameter_from_flash
    configuration.o(.text) refers to crc.o(.text) for crc_calculate
    configuration.o(.text) refers to rf2xx_send.o(.text) for mac_send_packet_basic
    configuration.o(.text) refers to configuration.o(.bss) for cfg_paras
    configuration.o(.text) refers to event_receive_pkt.o(.bss) for frame
    configuration.o(.text) refers to main.o(.data) for battery
    configuration.o(.text) refers to event_receive_pkt.o(.data) for current_software_version
    configuration.o(.text) refers to as3933.o(.data) for calcout_crc
    configuration.o(.text) refers to rf2xx_send.o(.bss) for rfTxInfo
    configuration.o(.text) refers to rf2xx_recv.o(.bss) for rfRxInfo
    configuration.o(.text) refers to configuration.o(.data) for data_pointer
    event_exciter.o(.text) refers to configuration.o(.bss) for cfg_paras
    event_receive_pkt.o(.text) refers to rf2xx_tat.o(.text) for rf2xx_tat_set_trx_state
    event_receive_pkt.o(.text) refers to rf2xx_send.o(.text) for mac_send_packet_basic
    event_receive_pkt.o(.text) refers to systick.o(.text) for delay_ms
    event_receive_pkt.o(.text) refers to rf2xx_recv.o(.bss) for rfRxInfo
    event_receive_pkt.o(.text) refers to event_receive_pkt.o(.bss) for pkt_time_struct
    event_receive_pkt.o(.text) refers to rtc0.o(.data) for next_wakeup_time
    event_receive_pkt.o(.text) refers to event_receive_pkt.o(.data) for next_wakeup_time_temp
    event_receive_pkt.o(.text) refers to rf2xx_send.o(.bss) for rfTxInfo
    event_receive_pkt.o(.text) refers to rf2xx_version.o(.data) for id
    event_receive_pkt.o(.text) refers to crc.o(.text) for crc_calculate
    event_receive_pkt.o(.text) refers to as3933_hal.o(.text) for as3933_hal_register_read
    event_receive_pkt.o(.text) refers to flashctrl.o(.text) for write_data_to_flash
    event_receive_pkt.o(.text) refers to configuration.o(.text) for parse_rx_config_pkt
    event_receive_pkt.o(.text) refers to memcpya.o(.text) for __aeabi_memcpy4
[...]
    D:\Silabs\32bit\si32-1.1.2\si32Hal\sim3l1xx\system_sim3l1xx.c 0x00000000   Number         0  system_sim3l1xx.o ABSOLUTE
    D:\\Silabs\\32bit\\si32-1.1.2\\si32Hal\\CPU\\retarget_arm.c 0x00000000   Number         0  retarget_arm.o ABSOLUTE
    D:\\Silabs\\32bit\\si32-1.1.2\\si32Hal\\sim3l1xx\\system_sim3l1xx.c 0x00000000   Number         0  system_sim3l1xx.o ABSOLUTE
    app\\configuration.c                     0x00000000   Number         0  configuration.o ABSOLUTE
    app\\event_receive_pkt.c                 0x00000000   Number         0  event_receive_pkt.o ABSOLUTE
    app\\event_wk_time.c                     0x00000000   Number         0  event_wk_time.o ABSOLUTE
    app\\systick.c                           0x00000000   Number         0  systick.o ABSOLUTE
    app\configuration.c                      0x00000000   Number         0  configuration.o ABSOLUTE
    app\event_exciter.c                      0x00000000   Number         0  event_exciter.o ABSOLUTE
    app\event_receive_pkt.c                  0x00000000   Number         0  event_receive_pkt.o ABSOLUTE
    app\event_wk_time.c                      0x00000000   Number         0  event_wk_time.o ABSOLUTE
    app\flash_operation.c                    0x00000000   Number         0  flash_operation.o ABSOLUTE
    app\systick.c                            0x00000000   Number         0  systick.o ABSOLUTE
    app\workstate.c                          0x00000000   Number         0  workstate.o ABSOLUTE
    arch\CLKCTRL.c                           0x00000000   Number         0  clkctrl.o ABSOLUTE
    arch\CPU.c                               0x00000000   Number         0  cpu.o ABSOLUTE
    arch\DCDC.c                              0x00000000   Number         0  dcdc.o ABSOLUTE
    arch\FLASHCTRL.c                         0x00000000   Number         0  flashctrl.o ABSOLUTE
    arch\Modes.c                             0x00000000   Number         0  modes.o ABSOLUTE
    arch\PB.c                                0x00000000   Number         0  pb.o ABSOLUTE
    arch\PMU.c                               0x00000000   Number         0  pmu.o ABSOLUTE
    arch\RTC0.c                              0x00000000   Number         0  rtc0.o ABSOLUTE
    arch\WDTIMER0.c                          0x00000000   Number         0  wdtimer0.o ABSOLUTE
    arch\\CLKCTRL.c                          0x00000000   Number         0  clkctrl.o ABSOLUTE
    arch\\CPU.c                              0x00000000   Number         0  cpu.o ABSOLUTE
    arch\\DCDC.c                             0x00000000   Number         0  dcdc.o ABSOLUTE
    arch\\FLASHCTRL.c                        0x00000000   Number         0  flashctrl.o ABSOLUTE
    arch\\Modes.c                            0x00000000   Number         0  modes.o ABSOLUTE
    arch\\PB.c                               0x00000000   Number         0  pb.o ABSOLUTE
    arch\\PMU.c                              0x00000000   Number         0  pmu.o ABSOLUTE
    arch\\RTC0.c                             0x00000000   Number         0  rtc0.o ABSOLUTE
    arch\\WDTIMER0.c                         0x00000000   Number         0  wdtimer0.o ABSOLUTE
    arch\\mcu.c                              0x00000000   Number         0  mcu.o ABSOLUTE
    arch\\rtc_alarm_relative.c               0x00000000   Number         0  rtc_alarm_relative.o ABSOLUTE
    arch\\timeout.c                          0x00000000   Number         0  timeout.o ABSOLUTE
    arch\mcu.c                               0x00000000   Number         0  mcu.o ABSOLUTE
    arch\rtc_alarm_relative.c                0x00000000   Number         0  rtc_alarm_relative.o ABSOLUTE
    arch\timeout.c                           0x00000000   Number         0  timeout.o ABSOLUTE
    as3933\\as3933.c                         0x00000000   Number         0  as3933.o ABSOLUTE
    as3933\\as3933_hal.c                     0x00000000   Number         0  as3933_hal.o ABSOLUTE
    as3933\\as3933_spi.c                     0x00000000   Number         0  as3933_spi.o ABSOLUTE
    as3933\as3933.c                          0x00000000   Number         0  as3933.o ABSOLUTE
    as3933\as3933_hal.c                      0x00000000   Number         0  as3933_hal.o ABSOLUTE
    as3933\as3933_spi.c                      0x00000000   Number         0  as3933_spi.o ABSOLUTE
    as3933\as3933_tat.c                      0x00000000   Number         0  as3933_tat.o ABSOLUTE
    cdrcmple.s                               0x00000000   Number         0  cdrcmple.o ABSOLUTE
    dc.s                                     0x00000000   Number         0  dc.o ABSOLUTE
    handlers.s                               0x00000000   Number         0  handlers.o ABSOLUTE
    init.s                                   0x00000000   Number         0  init.o ABSOLUTE
    main.c                                   0x00000000   Number         0  main.o ABSOLUTE
    main.c                                   0x00000000   Number         0  main.o ABSOLUTE
    option\crc.c                             0x00000000   Number         0  crc.o ABSOLUTE
    rf2xx\\csma.c                            0x00000000   Number         0  csma.o ABSOLUTE
    rf2xx\\mac_state.c                       0x00000000   Number         0  mac_state.o ABSOLUTE
    rf2xx\\rf2xx_hal.c                       0x00000000   Number         0  rf2xx_hal.o ABSOLUTE
    rf2xx\\rf2xx_init.c                      0x00000000   Number         0  rf2xx_init.o ABSOLUTE
    rf2xx\\rf2xx_mcu.c                       0x00000000   Number         0  rf2xx_mcu.o ABSOLUTE
    rf2xx\\rf2xx_option.c                    0x00000000   Number         0  rf2xx_option.o ABSOLUTE
    rf2xx\\rf2xx_protoc.c                    0x00000000   Number         0  rf2xx_protoc.o ABSOLUTE
    rf2xx\\rf2xx_recv.c                      0x00000000   Number         0  rf2xx_recv.o ABSOLUTE
    rf2xx\\rf2xx_send.c                      0x00000000   Number         0  rf2xx_send.o ABSOLUTE
    rf2xx\\rf2xx_spi.c                       0x00000000   Number         0  rf2xx_spi.o ABSOLUTE
    rf2xx\\rf2xx_tat.c                       0x00000000   Number         0  rf2xx_tat.o ABSOLUTE
    rf2xx\\rf2xx_version.c                   0x00000000   Number         0  rf2xx_version.o ABSOLUTE
    rf2xx\csma.c                             0x00000000   Number         0  csma.o ABSOLUTE
    rf2xx\mac_state.c                        0x00000000   Number         0  mac_state.o ABSOLUTE
    rf2xx\rf2xx_hal.c                        0x00000000   Number         0  rf2xx_hal.o ABSOLUTE
    rf2xx\rf2xx_init.c                       0x00000000   Number         0  rf2xx_init.o ABSOLUTE
    rf2xx\rf2xx_mcu.c                        0x00000000   Number         0  rf2xx_mcu.o ABSOLUTE
    rf2xx\rf2xx_option.c                     0x00000000   Number         0  rf2xx_option.o ABSOLUTE
    rf2xx\rf2xx_protoc.c                     0x00000000   Number         0  rf2xx_protoc.o ABSOLUTE
    rf2xx\rf2xx_recv.c                       0x00000000   Number         0  rf2xx_recv.o ABSOLUTE
    rf2xx\rf2xx_send.c                       0x00000000   Number         0  rf2xx_send.o ABSOLUTE
    rf2xx\rf2xx_spi.c                        0x00000000   Number         0  rf2xx_spi.o ABSOLUTE
    rf2xx\rf2xx_tat.c                        0x00000000   Number         0  rf2xx_tat.o ABSOLUTE
    rf2xx\rf2xx_version.c                    0x00000000   Number         0  rf2xx_version.o ABSOLUTE
    system_param\\sysparam.c                 0x00000000   Number         0  sysparam.o ABSOLUTE
    system_param\\sysparam_option.c          0x00000000   Number         0  sysparam_option.o ABSOLUTE
    system_param\sysparam.c                  0x00000000   Number         0  sysparam.o ABSOLUTE
    system_param\sysparam_option.c           0x00000000   Number         0  sysparam_option.o ABSOLUTE
    .ARM.Collect$$$$00000000                 0x000000f0   Section        0  entry.o(.ARM.Collect$$$$00000000)
    .ARM.Collect$$$$00000003                 0x000000f0   Section        4  entry4.o(.ARM.Collect$$$$00000003)
    .ARM.Collect$$$$00000004                 0x000000f4   Section        4  entry5.o(.ARM.Collect$$$$00000004)
    .ARM.Collect$$$$00000008                 0x000000f8   Section        0  entry7b.o(.ARM.Collect$$$$00000008)
    .ARM.Collect$$$$0000000A                 0x000000f8   Section        0  entry8b.o(.ARM.Collect$$$$0000000A)
    .ARM.Collect$$$$0000000B                 0x000000f8   Section        8  entry9a.o(.ARM.Collect$$$$0000000B)
    .ARM.Collect$$$$0000000D                 0x00000100   Section        0  entry10a.o(.ARM.Collect$$$$0000000D)
    .ARM.Collect$$$$0000000F                 0x00000100   Section        0  entry11a.o(.ARM.Collect$$$$0000000F)
    .ARM.Collect$$$$00002714                 0x00000100   Section        4  entry4.o(.ARM.Collect$$$$00002714)
    __lit__00000000                          0x00000100   Data           4  entry4.o(.ARM.Collect$$$$00002714)
    .emb_text                                0x00000104   Section       24  mcu.o(.emb_text)
    .text                                    0x0000011c   Section        0  retarget_arm.o(.text)
    ITM_SendChar                             0x0000011d   Thumb Code    52  retarget_arm.o(.text)
    .text                                    0x000001b8   Section      124  startup_sim3l1xx_arm.o(.text)
    .text                                    0x00000234   Section        0  system_sim3l1xx.o(.text)
    .text                                    0x00000288   Section        0  si32_rstsrc_a_type.o(.text)
    .text                                    0x000003e4   Section        0  main.o(.text)
    NVIC_SystemReset                         0x0000132b   Thumb Code    30  main.o(.text)
    .text                                    0x00001370   Section        0  configuration.o(.text)
    .text                                    0x00001d6c   Section        0  event_exciter.o(.text)
    .text                                    0x00001db0   Section        0  event_receive_pkt.o(.text)
    .text                                    0x000027d0   Section        0  event_wk_time.o(.text)
    .text                                    0x00002a58   Section        0  flash_operation.o(.text)
    .text                                    0x00002a84   Section        0  systick.o(.text)
    .text                                    0x00002b68   Section        0  as3933.o(.text)
    NVIC_EnableIRQ                           0x00002e8b   Thumb Code    24  as3933.o(.text)
    NVIC_DisableIRQ                          0x00002ea3   Thumb Code    18  as3933.o(.text)
    NVIC_ClearPendingIRQ                     0x00002eb5   Thumb Code    18  as3933.o(.text)
    .text                                    0x00002f28   Section        0  as3933_hal.o(.text)
    .text                                    0x00002f9c   Section        0  as3933_spi.o(.text)
    .text                                    0x00003104   Section        0  clkctrl.o(.text)
    .text                                    0x00003598   Section        0  cpu.o(.text)
    .text                                    0x000037bc   Section        0  flashctrl.o(.text)
    __set_PRIMASK                            0x00003945   Thumb Code     6  flashctrl.o(.text)
    .text                                    0x00003968   Section        0  modes.o(.text)
    .text                                    0x0000398c   Section        0  pb.o(.text)
    .text                                    0x000039d4   Section        0  pmu.o(.text)
    NVIC_EnableIRQ                           0x00003c83   Thumb Code    24  pmu.o(.text)
    NVIC_ClearPendingIRQ                     0x00003c9b   Thumb Code    18  pmu.o(.text)
    .text                                    0x00003d10   Section        0  rtc_alarm_relative.o(.text)
    __set_PRIMASK                            0x00004019   Thumb Code     6  rtc_alarm_relative.o(.text)
    .text                                    0x00004030   Section        0  rtc0.o(.text)
    __set_PRIMASK                            0x000047e9   Thumb Code     6  rtc0.o(.text)
    NVIC_DisableIRQ                          0x000047ef   Thumb Code    18  rtc0.o(.text)
    NVIC_ClearPendingIRQ                     0x00004801   Thumb Code    18  rtc0.o(.text)
    .text                                    0x00004858   Section        0  timeout.o(.text)
    NVIC_EnableIRQ                           0x0000509f   Thumb Code    24  timeout.o(.text)
    NVIC_ClearPendingIRQ                     0x000050b7   Thumb Code    18  timeout.o(.text)
    .text                                    0x000050f4   Section        0  wdtimer0.o(.text)
    .text                                    0x00005114   Section        0  mac_state.o(.text)
    .text                                    0x00005138   Section        0  rf2xx_hal.o(.text)
    __get_PRIMASK                            0x00005341   Thumb Code     6  rf2xx_hal.o(.text)
    __set_PRIMASK                            0x00005347   Thumb Code     6  rf2xx_hal.o(.text)
    .text                                    0x0000534c   Section        0  rf2xx_init.o(.text)
    .text                                    0x000053c0   Section        0  rf2xx_mcu.o(.text)
    NVIC_ClearPendingIRQ                     0x00005657   Thumb Code    18  rf2xx_mcu.o(.text)
    .text                                    0x000056ac   Section        0  rf2xx_option.o(.text)
    .text                                    0x000056e0   Section        0  rf2xx_protoc.o(.text)
    .text                                    0x0000574c   Section        0  rf2xx_recv.o(.text)
    .text                                    0x00005d5c   Section        0  rf2xx_send.o(.text)
    .text                                    0x00005f10   Section        0  rf2xx_spi.o(.text)
    .text                                    0x0000634c   Section        0  rf2xx_tat.o(.text)
    rf2xx_tat_if_sleeping                    0x0000634d   Thumb Code    16  rf2xx_tat.o(.text)
    .text                                    0x00007050   Section        0  rf2xx_version.o(.text)
    .text                                    0x000074d4   Section        0  crc.o(.text)
    .text                                    0x0000764c   Section        0  sysparam.o(.text)
    .text                                    0x000076f8   Section        0  sysparam_option.o(.text)
    .text                                    0x00007790   Section        0  llshl.o(.text)
    .text                                    0x000077b0   Section        0  rand.o(.text)
    .text                                    0x000077d4   Section        0  memcpya.o(.text)
    .text                                    0x000077f8   Section        0  uldiv.o(.text)
    .text                                    0x0000785c   Section       36  init.o(.text)
    .text                                    0x00007880   Section        0  llushr.o(.text)
    .text                                    0x000078a0   Section        0  __dczerorl2.o(.text)
    i.__0printf$8                            0x000078fc   Section        0  printf8.o(i.__0printf$8)
    i.__scatterload_copy                     0x0000791c   Section       14  handlers.o(i.__scatterload_copy)
    i.__scatterload_null                     0x0000792a   Section        2  handlers.o(i.__scatterload_null)
    i.__scatterload_zeroinit                 0x0000792c   Section       14  handlers.o(i.__scatterload_zeroinit)
    i._printf_core                           0x0000793c   Section        0  printf8.o(i._printf_core)
    _printf_core                             0x0000793d   Thumb Code   988  printf8.o(i._printf_core)
    i._printf_post_padding                   0x00007d44   Section        0  printf8.o(i._printf_post_padding)
    _printf_post_padding                     0x00007d45   Thumb Code    38  printf8.o(i._printf_post_padding)
    i._printf_pre_padding                    0x00007d6a   Section        0  printf8.o(i._printf_pre_padding)
    _printf_pre_padding                      0x00007d6b   Thumb Code    48  printf8.o(i._printf_pre_padding)
    .data                                    0x20000000   Section       12  retarget_arm.o(.data)
    .data                                    0x2000000c   Section        4  system_sim3l1xx.o(.data)
    .data                                    0x20000010   Section       97  main.o(.data)
    .data                                    0x20000074   Section      192  configuration.o(.data)
    .data                                    0x20000138   Section      404  event_receive_pkt.o(.data)
    recv_updata_req                          0x200002a8   Data           1  event_receive_pkt.o(.data)
    seq                                      0x200002aa   Data           2  event_receive_pkt.o(.data)
    file_crc                                 0x200002ac   Data           2  event_receive_pkt.o(.data)
    recv_file_crc                            0x200002ae   Data           2  event_receive_pkt.o(.data)
    current_piece                            0x200002b0   Data           2  event_receive_pkt.o(.data)
    total_segments                           0x200002b2   Data           2  event_receive_pkt.o(.data)
    current_store_addr                       0x200002b4   Data           4  event_receive_pkt.o(.data)
    .data                                    0x200002cc   Section       28  event_wk_time.o(.data)
    .data                                    0x200002e8   Section       12  systick.o(.data)
    us_multiple                              0x200002f0   Data           1  systick.o(.data)
    ms_multiple                              0x200002f2   Data           2  systick.o(.data)
    .data                                    0x200002f4   Section       40  as3933.o(.data)
    .data                                    0x2000031c   Section       20  clkctrl.o(.data)
    .data                                    0x20000330   Section       12  cpu.o(.data)
    .data                                    0x2000033c   Section        5  pmu.o(.data)
    .data                                    0x20000344   Section       12  rtc_alarm_relative.o(.data)
    .data                                    0x20000350   Section      120  rtc0.o(.data)
    .data                                    0x200003c8   Section       24  timeout.o(.data)
    .data                                    0x200003e0   Section       12  rf2xx_mcu.o(.data)
    .data                                    0x200003ec   Section        2  rf2xx_option.o(.data)
    .data                                    0x200003f0   Section       64  rf2xx_recv.o(.data)
    .data                                    0x20000430   Section        2  rf2xx_send.o(.data)
    .data                                    0x20000432   Section        2  rf2xx_tat.o(.data)
    .data                                    0x20000434   Section       32  rf2xx_version.o(.data)
    .data                                    0x20000454   Section        4  crc.o(.data)
    .data                                    0x20000458   Section        4  sysparam.o(.data)
    .data                                    0x2000045c   Section        4  rand.o(.data)
    _rand_state                              0x2000045c   Data           4  rand.o(.data)
    .bss                                     0x20000460   Section      152  configuration.o(.bss)
    .bss                                     0x200004f8   Section      191  event_receive_pkt.o(.bss)
    .bss                                     0x200005b7   Section       20  as3933.o(.bss)
    .bss                                     0x200005d0   Section      192  rtc_alarm_relative.o(.bss)
    .bss                                     0x20000690   Section      180  timeout.o(.bss)
    .bss                                     0x20000744   Section      248  rf2xx_protoc.o(.bss)
    .bss                                     0x20000840   Section      830  rf2xx_recv.o(.bss)
    .bss                                     0x20000b80   Section      143  rf2xx_send.o(.bss)
    .bss                                     0x20000c0f   Section     1024  sysparam_option.o(.bss)

    Global Symbols

    Symbol Name                              Value     Ov Type        Size  Object(Section)

    BuildAttributes$$THM_ISAv4$P$D$K$B$S$PE$A:L22UL41UL21$X:L11$S22US41US21$IEEE1$IW$USESV6$~STKCKD$USESV7$~SHL$OSPACE$ROPI$EBA8$MICROLIB$REQ8$EABIv2 0x00000000   Number         0  anon$$obj.o ABSOLUTE
    __ARM_use_no_argv                        0x00000000   Number         0  main.o ABSOLUTE
    __Vectors                                0x00000000   Data           0  startup_sim3l1xx_arm.o(RESET)
    __use_no_errno                           0x00000000   Number         0  useno.o ABSOLUTE
    __use_no_exception_handling              0x00000000   Number         0  useno.o ABSOLUTE
    __use_no_fp                              0x00000000   Number         0  useno.o ABSOLUTE
    __use_no_heap                            0x00000000   Number         0  useno.o ABSOLUTE
    __use_no_heap_region                     0x00000000   Number         0  useno.o ABSOLUTE
    __use_no_semihosting                     0x00000000   Number         0  useno.o ABSOLUTE
    __use_no_semihosting_swi                 0x00000000   Number         0  useno.o ABSOLUTE
    __use_no_signal_handling                 0x00000000   Number         0  useno.o ABSOLUTE
    _printf_a                                0x00000000   Number         0  stubs.o ABSOLUTE
    _printf_c                                0x00000000   Number         0  stubs.o ABSOLUTE
    _printf_charcount                        0x00000000   Number         0  stubs.o ABSOLUTE
    _printf_d                                0x00000000   Number         0  stubs.o ABSOLUTE
    _printf_e                                0x00000000   Number         0  stubs.o ABSOLUTE
    _printf_f                                0x00000000   Number         0  stubs.o ABSOLUTE
    _printf_flags                            0x00000000   Number         0  stubs.o ABSOLUTE
    _printf_fp_dec                           0x00000000   Number         0  stubs.o ABSOLUTE
    _printf_fp_hex                           0x00000000   Number         0  stubs.o ABSOLUTE
    _printf_g                                0x00000000   Number         0  stubs.o ABSOLUTE
    _printf_i                                0x00000000   Number         0  stubs.o ABSOLUTE
    _printf_int_dec                          0x00000000   Number         0  stubs.o ABSOLUTE
    _printf_l                                0x00000000   Number         0  stubs.o ABSOLUTE
    _printf_lc                               0x00000000   Number         0  stubs.o ABSOLUTE
    _printf_ll                               0x00000000   Number         0  stubs.o ABSOLUTE
    _printf_lld                              0x00000000   Number         0  stubs.o ABSOLUTE
    _printf_lli                              0x00000000   Number         0  stubs.o ABSOLUTE
    _printf_llo                              0x00000000   Number         0  stubs.o ABSOLUTE
    _printf_llu                              0x00000000   Number         0  stubs.o ABSOLUTE
    _printf_llx                              0x00000000   Number         0  stubs.o ABSOLUTE
    _printf_longlong_dec                     0x00000000   Number         0  stubs.o ABSOLUTE
    _printf_longlong_hex                     0x00000000   Number         0  stubs.o ABSOLUTE
    _printf_longlong_oct                     0x00000000   Number         0  stubs.o ABSOLUTE
    _printf_ls                               0x00000000   Number         0  stubs.o ABSOLUTE
    _printf_mbtowc                           0x00000000   Number         0  stubs.o ABSOLUTE
    _printf_n                                0x00000000   Number         0  stubs.o ABSOLUTE
    _printf_o                                0x00000000   Number         0  stubs.o ABSOLUTE
    _printf_p                                0x00000000   Number         0  stubs.o ABSOLUTE
    _printf_percent                          0x00000000   Number         0  stubs.o ABSOLUTE
    _printf_pre_padding                      0x00000000   Number         0  stubs.o ABSOLUTE
    _printf_return_value                     0x00000000   Number         0  stubs.o ABSOLUTE
    _printf_s                                0x00000000   Number         0  stubs.o ABSOLUTE
    _printf_sizespec                         0x00000000   Number         0  stubs.o ABSOLUTE
    _printf_str                              0x00000000   Number         0  stubs.o ABSOLUTE
    _printf_truncate_signed                  0x00000000   Number         0  stubs.o ABSOLUTE
    _printf_truncate_unsigned                0x00000000   Number         0  stubs.o ABSOLUTE
    _printf_u                                0x00000000   Number         0  stubs.o ABSOLUTE
    _printf_wc                               0x00000000   Number         0  stubs.o ABSOLUTE
    _printf_wctomb                           0x00000000   Number         0  stubs.o ABSOLUTE
    _printf_widthprec                        0x00000000   Number         0  stubs.o ABSOLUTE
    _printf_x                                0x00000000   Number         0  stubs.o ABSOLUTE
    __cpp_initialize__aeabi_                  - Undefined Weak Reference
    __cxa_finalize                            - Undefined Weak Reference
    _clock_init                               - Undefined Weak Reference
    _microlib_exit                            - Undefined Weak Reference
    __Vectors_End                            0x000000f0   Data           0  startup_sim3l1xx_arm.o(RESET)
    __Vectors_Size                           0x000000f0   Number         0  startup_sim3l1xx_arm.o ABSOLUTE
    __main                                   0x000000f1   Thumb Code     0  entry.o(.ARM.Collect$$$$00000000)
    _main_stk                                0x000000f1   Thumb Code     0  entry4.o(.ARM.Collect$$$$00000003)
    _main_scatterload                        0x000000f5   Thumb Code     0  entry5.o(.ARM.Collect$$$$00000004)
    __main_after_scatterload                 0x000000f9   Thumb Code     0  entry5.o(.ARM.Collect$$$$00000004)
    _main_clock                              0x000000f9   Thumb Code     0  entry7b.o(.ARM.Collect$$$$00000008)
    _main_cpp_init                           0x000000f9   Thumb Code     0  entry8b.o(.ARM.Collect$$$$0000000A)
    _main_init                               0x000000f9   Thumb Code     0  entry9a.o(.ARM.Collect$$$$0000000B)
    __rt_final_cpp                           0x00000101   Thumb Code     0  entry10a.o(.ARM.Collect$$$$0000000D)
    __rt_final_exit                          0x00000101   Thumb Code     0  entry11a.o(.ARM.Collect$$$$0000000F)
    delay_us                                 0x00000105   Thumb Code    24  mcu.o(.emb_text)
    fputc                                    0x00000151   Thumb Code    16  retarget_arm.o(.text)
    fgetc                                    0x00000161   Thumb Code    42  retarget_arm.o(.text)
    ferror                                   0x0000018b   Thumb Code     8  retarget_arm.o(.text)
    __backspace                              0x00000193   Thumb Code     6  retarget_arm.o(.text)
    _ttywrch                                 0x00000199   Thumb Code    12  retarget_arm.o(.text)
    _sys_exit                                0x000001a5   Thumb Code     4  retarget_arm.o(.text)
    Reset_Handler                            0x000001b9   Thumb Code     8  startup_sim3l1xx_arm.o(.text)
    SVC_Handler                              0x000001cb   Thumb Code     2  startup_sim3l1xx_arm.o(.text)
    DebugMon_Handler                         0x000001cd   Thumb Code     2  startup_sim3l1xx_arm.o(.text)
    PendSV_Handler                           0x000001cf   Thumb Code     2  startup_sim3l1xx_arm.o(.text)
    WDTIMER0_IRQHandler                      0x000001d3   Thumb Code     2  startup_sim3l1xx_arm.o(.text)
    LPTIMER0_IRQHandler                      0x000001db   Thumb Code     2  startup_sim3l1xx_arm.o(.text)
    DMAERR_IRQHandler                        0x000001dd   Thumb Code     2  startup_sim3l1xx_arm.o(.text)
    DMACH0_IRQHandler                        0x000001df   Thumb Code     2  startup_sim3l1xx_arm.o(.text)
    DMACH1_IRQHandler                        0x000001e1   Thumb Code     2  startup_sim3l1xx_arm.o(.text)
    DMACH2_IRQHandler                        0x000001e3   Thumb Code     2  startup_sim3l1xx_arm.o(.text)
    DMACH3_IRQHandler                        0x000001e5   Thumb Code     2  startup_sim3l1xx_arm.o(.text)
    DMACH4_IRQHandler                        0x000001e7   Thumb Code     2  startup_sim3l1xx_arm.o(.text)
    DMACH5_IRQHandler                        0x000001e9   Thumb Code     2  startup_sim3l1xx_arm.o(.text)
    DMACH6_IRQHandler                        0x000001eb   Thumb Code     2  startup_sim3l1xx_arm.o(.text)
    DMACH7_IRQHandler                        0x000001ed   Thumb Code     2  startup_sim3l1xx_arm.o(.text)
    DMACH8_IRQHandler                        0x000001ef   Thumb Code     2  startup_sim3l1xx_arm.o(.text)
    DMACH9_IRQHandler                        0x000001f1   Thumb Code     2  startup_sim3l1xx_arm.o(.text)
    TIMER1L_IRQHandler                       0x000001f7   Thumb Code     2  startup_sim3l1xx_arm.o(.text)
    TIMER1H_IRQHandler                       0x000001f9   Thumb Code     2  startup_sim3l1xx_arm.o(.text)
    TIMER2L_IRQHandler                       0x000001fb   Thumb Code     2  startup_sim3l1xx_arm.o(.text)
    TIMER2H_IRQHandler                       0x000001fd   Thumb Code     2  startup_sim3l1xx_arm.o(.text)
    ACCTR0_IRQHandler                        0x000001ff   Thumb Code     2  startup_sim3l1xx_arm.o(.text)
    EPCA0_IRQHandler                         0x00000201   Thumb Code     2  startup_sim3l1xx_arm.o(.text)
    USART0_IRQHandler                        0x00000203   Thumb Code     2  startup_sim3l1xx_arm.o(.text)
    UART0_IRQHandler                         0x00000205   Thumb Code     2  startup_sim3l1xx_arm.o(.text)
    SPI0_IRQHandler                          0x00000207   Thumb Code     2  startup_sim3l1xx_arm.o(.text)
    SPI1_IRQHandler                          0x00000209   Thumb Code     2  startup_sim3l1xx_arm.o(.text)
    I2C0_IRQHandler                          0x0000020b   Thumb Code     2  startup_sim3l1xx_arm.o(.text)
    SARADC0_IRQHandler                       0x0000020d   Thumb Code     2  startup_sim3l1xx_arm.o(.text)
    CMP0_IRQHandler                          0x0000020f   Thumb Code     2  startup_sim3l1xx_arm.o(.text)
    CMP1_IRQHandler                          0x00000211   Thumb Code     2  startup_sim3l1xx_arm.o(.text)
    DTM0_IRQHandler                          0x00000213   Thumb Code     2  startup_sim3l1xx_arm.o(.text)
    DTM1_IRQHandler                          0x00000215   Thumb Code     2  startup_sim3l1xx_arm.o(.text)
    DTM2_IRQHandler                          0x00000217   Thumb Code     2  startup_sim3l1xx_arm.o(.text)
    AES0_IRQHandler                          0x00000219   Thumb Code     2  startup_sim3l1xx_arm.o(.text)
    ENCDEC0_IRQHandler                       0x0000021b   Thumb Code     2  startup_sim3l1xx_arm.o(.text)
    VDDLOW_IRQHandler                        0x0000021f   Thumb Code     2  startup_sim3l1xx_arm.o(.text)
    VCPFAIL_IRQHandler                       0x00000221   Thumb Code     2  startup_sim3l1xx_arm.o(.text)
    DCDC_IRQHandler                          0x00000223   Thumb Code     2  startup_sim3l1xx_arm.o(.text)
    IDAC0_IRQHandler                         0x00000227   Thumb Code     2  startup_sim3l1xx_arm.o(.text)
    PLL0_IRQHandler                          0x00000229   Thumb Code     2  startup_sim3l1xx_arm.o(.text)
    SystemInit                               0x00000235   Thumb Code    76  system_sim3l1xx.o(.text)
    SystemCoreClockUpdate                    0x00000281   Thumb Code     2  system_sim3l1xx.o(.text)
    _SI32_RSTSRC_A_initialize                0x00000289   Thumb Code     4  si32_rstsrc_a_type.o(.text)
    _SI32_RSTSRC_A_write_reseten             0x0000028d   Thumb Code     4  si32_rstsrc_a_type.o(.text)
    _SI32_RSTSRC_A_read_reseten              0x00000291   Thumb Code     6  si32_rstsrc_a_type.o(.text)
    _SI32_RSTSRC_A_enable_vdd_monitor_reset_source 0x00000297   Thumb Code     6  si32_rstsrc_a_type.o(.text)
    _SI32_RSTSRC_A_disable_vdd_monitor_reset_source 0x0000029d   Thumb Code     6  si32_rstsrc_a_type.o(.text)
    _SI32_RSTSRC_A_enable_missing_clock_detector_reset_source 0x000002a3   Thumb Code     6  si32_rstsrc_a_type.o(.text)
    _SI32_RSTSRC_A_disable_missing_clock_detector_reset_source 0x000002a9   Thumb Code     6  si32_rstsrc_a_type.o(.text)
    _SI32_RSTSRC_A_enable_watchdog_timer_reset_source 0x000002af   Thumb Code     6  si32_rstsrc_a_type.o(.text)
    _SI32_RSTSRC_A_disable_watchdog_timer_reset_source 0x000002b5   Thumb Code     6  si32_rstsrc_a_type.o(.text)
    _SI32_RSTSRC_A_generate_software_reset   0x000002bb   Thumb Code     6  si32_rstsrc_a_type.o(.text)
    _SI32_RSTSRC_A_enable_comparator0_reset_source 0x000002c1   Thumb Code     6  si32_rstsrc_a_type.o(.text)
    _SI32_RSTSRC_A_disable_comparator0_reset_source 0x000002c7   Thumb Code     6  si32_rstsrc_a_type.o(.text)
    _SI32_RSTSRC_A_enable_comparator1_reset_source 0x000002cd   Thumb Code     8  si32_rstsrc_a_type.o(.text)
    _SI32_RSTSRC_A_disable_comparator1_reset_source 0x000002d5   Thumb Code     8  si32_rstsrc_a_type.o(.text)
    _SI32_RSTSRC_A_enable_low_power_mode_charge_pump_reset_source 0x000002dd   Thumb Code     8  si32_rstsrc_a_type.o(.text)
    _SI32_RSTSRC_A_disable_low_power_mode_charge_pump_reset_source 0x000002e5   Thumb Code     8  si32_rstsrc_a_type.o(.text)
    _SI32_RSTSRC_A_enable_rtc0_reset_source  0x000002ed   Thumb Code     8  si32_rstsrc_a_type.o(.text)
    _SI32_RSTSRC_A_disable_rtc0_reset_source 0x000002f5   Thumb Code     8  si32_rstsrc_a_type.o(.text)
    _SI32_RSTSRC_A_enable_system_reset_to_low_power_charge_pump 0x000002fd   Thumb Code     8  si32_rstsrc_a_type.o(.text)
    _SI32_RSTSRC_A_disable_system_reset_to_low_power_charge_pump 0x00000305   Thumb Code     8  si32_rstsrc_a_type.o(.text)
    _SI32_RSTSRC_A_enable_system_reset_to_uart 0x0000030d   Thumb Code     8  si32_rstsrc_a_type.o(.text)
    _SI32_RSTSRC_A_disable_system_reset_to_uart 0x00000315   Thumb Code     8  si32_rstsrc_a_type.o(.text)
    _SI32_RSTSRC_A_enable_system_reset_to_lcd 0x0000031d   Thumb Code     8  si32_rstsrc_a_type.o(.text)
    _SI32_RSTSRC_A_disable_system_reset_to_lcd 0x00000325   Thumb Code     8  si32_rstsrc_a_type.o(.text)
    _SI32_RSTSRC_A_enable_system_reset_to_acctr 0x0000032d   Thumb Code     8  si32_rstsrc_a_type.o(.text)
    _SI32_RSTSRC_A_disable_system_reset_to_acctr 0x00000335   Thumb Code     8  si32_rstsrc_a_type.o(.text)
    _SI32_RSTSRC_A_enable_system_reset_to_rtc 0x0000033d   Thumb Code     8  si32_rstsrc_a_type.o(.text)
    _SI32_RSTSRC_A_disable_system_reset_to_rtc 0x00000345   Thumb Code     8  si32_rstsrc_a_type.o(.text)
    _SI32_RSTSRC_A_get_last_reset_source     0x0000034d   Thumb Code   150  si32_rstsrc_a_type.o(.text)
    send_test_pkg_b                          0x000003e5   Thumb Code   302  main.o(.text)
    send_test_pkg_a                          0x00000513   Thumb Code   302  main.o(.text)
    send_test_pkg                            0x00000641   Thumb Code   154  main.o(.text)
    main                                     0x000006db   Thumb Code  2414  main.o(.text)
    send_test_pkg_c                          0x00001049   Thumb Code   436  main.o(.text)
    send_test_pkg_d                          0x000011fd   Thumb Code   302  main.o(.text)
    get_cfg_default                          0x00001371   Thumb Code   128  configuration.o(.text)
    get_cfg_paras                            0x000013f1   Thumb Code    76  configuration.o(.text)
    str_compare                              0x0000143d   Thumb Code    32  configuration.o(.text)
    send_config_cnt_ack                      0x0000145d   Thumb Code   266  configuration.o(.text)
    send_config_cmd_ack                      0x00001567   Thumb Code    66  configuration.o(.text)
    send_config_quit_ack                     0x000015a9   Thumb Code   166  configuration.o(.text)
    parse_rx_config_pkt                      0x0000164f   Thumb Code  1770  configuration.o(.text)
    exciterTypeAnalyze                       0x00001d6d   Thumb Code    64  event_exciter.o(.text)
    parse_rx_syn_pkt                         0x00001db1   Thumb Code   404  event_receive_pkt.o(.text)
    send_syn_ack                             0x00001f45   Thumb Code   142  event_receive_pkt.o(.text)
    parse_rx_cave_pkt                        0x00001fd3   Thumb Code   396  event_receive_pkt.o(.text)
    send_cf_ack                              0x0000215f   Thumb Code   194  event_receive_pkt.o(.text)
    send_test_pkt                            0x00002221   Thumb Code   196  event_receive_pkt.o(.text)
    code_data_handle                         0x000022e5   Thumb Code    32  event_receive_pkt.o(.text)
    write_image_info_to_flash                0x00002305   Thumb Code    54  event_receive_pkt.o(.text)
    parse_rx_update_code_pkt                 0x0000233b   Thumb Code   980  event_receive_pkt.o(.text)
    send_start_config_flag_pkt               0x0000270f   Thumb Code    90  event_receive_pkt.o(.text)
    set_next_wake_time                       0x000027d1   Thumb Code    36  event_wk_time.o(.text)
    send_cave_pkt                            0x000027f5   Thumb Code   276  event_wk_time.o(.text)
    send_en_pkt                              0x00002909   Thumb Code    86  event_wk_time.o(.text)
    send_hrt_pkt                             0x0000295f   Thumb Code    74  event_wk_time.o(.text)
    send_ex_pkt                              0x000029a9   Thumb Code    86  event_wk_time.o(.text)
    write_sys_info_to_flash                  0x00002a59   Thumb Code    18  flash_operation.o(.text)
    read_parameter_from_flash                0x00002a6b   Thumb Code    26  flash_operation.o(.text)
    Systick_Init                             0x00002a85   Thumb Code    94  systick.o(.text)
    Systick_off                              0x00002ae3   Thumb Code    24  systick.o(.text)
    delay_ms                                 0x00002afb   Thumb Code    24  systick.o(.text)
    delay_s                                  0x00002b13   Thumb Code    26  systick.o(.text)
    delay_init                               0x00002b2d   Thumb Code    36  systick.o(.text)
    as3933_port_init                         0x00002b69   Thumb Code    50  as3933.o(.text)
    as3933_init                              0x00002b9b   Thumb Code   322  as3933.o(.text)
    as3933_data_read                         0x00002cdd   Thumb Code   258  as3933.o(.text)
    as3933_wake_int_init                     0x00002ddf   Thumb Code   104  as3933.o(.text)
    PBEXT0_IRQHandler                        0x00002e47   Thumb Code    28  as3933.o(.text)
    PMATCH_IRQHandler                        0x00002e63   Thumb Code    40  as3933.o(.text)
    as3933_hal_register_read                 0x00002f29   Thumb Code    38  as3933_hal.o(.text)
    as3933_hal_register_write                0x00002f4f   Thumb Code    36  as3933_hal.o(.text)
    spi0_as_register_direct_command          0x00002f73   Thumb Code    34  as3933_hal.o(.text)
    as3933_spi_port_init                     0x00002f9d   Thumb Code    68  as3933_spi.o(.text)
    as3933_spi_port_off                      0x00002fe1   Thumb Code    96  as3933_spi.o(.text)
    as3933_spi_init                          0x00003041   Thumb Code    80  as3933_spi.o(.text)
    SPI0_ReadWrite                           0x00003091   Thumb Code    84  as3933_spi.o(.text)
    set_periph_clock                         0x00003105   Thumb Code   124  clkctrl.o(.text)
    set_system_clock                         0x00003181   Thumb Code   998  clkctrl.o(.text)
    sysclk_init_from_reset                   0x00003567   Thumb Code    18  clkctrl.o(.text)
    get_system_clock                         0x00003579   Thumb Code     6  clkctrl.o(.text)
    get_periph_clock                         0x0000357f   Thumb Code     6  clkctrl.o(.text)
    SysTick_Handler                          0x00003599   Thumb Code    28  cpu.o(.text)
    halt                                     0x000035b5   Thumb Code    80  cpu.o(.text)
    NMI_Handler                              0x00003605   Thumb Code    10  cpu.o(.text)
    HardFault_Handler                        0x0000360f   Thumb Code    10  cpu.o(.text)
    MemManage_Handler                        0x00003619   Thumb Code    10  cpu.o(.text)
    BusFault_Handler                         0x00003623   Thumb Code    10  cpu.o(.text)
    UsageFault_Handler                       0x0000362d   Thumb Code    10  cpu.o(.text)
    set_ahb_clock                            0x00003637   Thumb Code   106  cpu.o(.text)
    cpu_update                               0x000036a1   Thumb Code    12  cpu.o(.text)
    get_msTicks                              0x000036ad   Thumb Code     6  cpu.o(.text)
    read_from_flash_to_buff                  0x000037bd   Thumb Code    70  flashctrl.o(.text)
    write_to_flash_from_buff                 0x00003803   Thumb Code   144  flashctrl.o(.text)
    erase_flash                              0x00003893   Thumb Code    92  flashctrl.o(.text)
    write_data_to_flash                      0x000038ef   Thumb Code    86  flashctrl.o(.text)
    system_init_from_reset                   0x00003969   Thumb Code    36  modes.o(.text)
    pb_init_from_reset                       0x0000398d   Thumb Code    50  pb.o(.text)
    led_off                                  0x000039d5   Thumb Code    24  pmu.o(.text)
    led_on                                   0x000039ed   Thumb Code    24  pmu.o(.text)
    sync_port_on                             0x00003a05   Thumb Code    28  pmu.o(.text)
    sync_port_off                            0x00003a21   Thumb Code    28  pmu.o(.text)
    sync_interval_port_on                    0x00003a3d   Thumb Code    28  pmu.o(.text)
    sync_interval_port_off                   0x00003a59   Thumb Code    28  pmu.o(.text)
    DCDC0_clk_enable                         0x00003a75   Thumb Code    14  pmu.o(.text)
    open_debug                               0x00003a83   Thumb Code     8  pmu.o(.text)
    vdrv_on                                  0x00003a8b   Thumb Code    16  pmu.o(.text)
    pmu_init                                 0x00003a9b   Thumb Code    26  pmu.o(.text)
    trig_init                                0x00003ab5   Thumb Code    22  pmu.o(.text)
    trig_on                                  0x00003acb   Thumb Code     8  pmu.o(.text)
    trig_off                                 0x00003ad3   Thumb Code     8  pmu.o(.text)
    pmu_enter_sleep                          0x00003adb   Thumb Code   202  pmu.o(.text)
    vdrv_off                                 0x00003ba5   Thumb Code    14  pmu.o(.text)
    intwk_init                               0x00003bb3   Thumb Code    58  pmu.o(.text)
    pinwk_init                               0x00003bed   Thumb Code   110  pmu.o(.text)
    led_start                                0x00003c5b   Thumb Code    40  pmu.o(.text)
    rtc_alarm_relative_malloc                0x00003d11   Thumb Code    38  rtc_alarm_relative.o(.text)
    rtc_alarm_relative_free                  0x00003d37   Thumb Code    14  rtc_alarm_relative.o(.text)
    rtc_alarm_relative_init                  0x00003d45   Thumb Code    94  rtc_alarm_relative.o(.text)
    rtc_alarm_relative_initial_alarm         0x00003da3   Thumb Code    76  rtc_alarm_relative.o(.text)
    rtc_alarm_relative_insert_item           0x00003def   Thumb Code    72  rtc_alarm_relative.o(.text)
    rtc_alarm_relative_add_item              0x00003e37   Thumb Code   188  rtc_alarm_relative.o(.text)
    rtc_alarm_relative_delete_item           0x00003ef3   Thumb Code    72  rtc_alarm_relative.o(.text)
    rtc_alarm_relative_handle_timeout_item   0x00003f3b   Thumb Code   122  rtc_alarm_relative.o(.text)
    rtc_alarm_relative_update_item           0x00003fb5   Thumb Code    12  rtc_alarm_relative.o(.text)
    rtc_alarm_relative_adjust_item           0x00003fc1   Thumb Code    88  rtc_alarm_relative.o(.text)
    rtc_overflow_enable                      0x00004031   Thumb Code    30  rtc0.o(.text)
    rtc_set_from_reset                       0x0000404f   Thumb Code    90  rtc0.o(.text)
    rtc_init                                 0x000040a9   Thumb Code   188  rtc0.o(.text)
    rtc_overflow_disable                     0x00004165   Thumb Code    10  rtc0.o(.text)
    rtc_alarm_enable                         0x0000416f   Thumb Code    34  rtc0.o(.text)
    rtc_alarm_disable                        0x00004191   Thumb Code    10  rtc0.o(.text)
    rtc_alarm_relative_enable                0x0000419b   Thumb Code    34  rtc0.o(.text)
    rtc_alarm_relative_disable               0x000041bd   Thumb Code    10  rtc0.o(.text)
    get_current_time                         0x000041c7   Thumb Code   122  rtc0.o(.text)
    get_rtc_setcap                           0x00004241   Thumb Code    26  rtc0.o(.text)
    get_quater_seconds                       0x0000425b   Thumb Code    20  rtc0.o(.text)
    set_current_time                         0x0000426f   Thumb Code    88  rtc0.o(.text)
    RTC0ALRM_IRQHandler                      0x000042c7   Thumb Code   162  rtc0.o(.text)
    RTC0FAIL_IRQHandler                      0x00004369   Thumb Code     4  rtc0.o(.text)
    time_synchronizing                       0x0000436d   Thumb Code  1148  rtc0.o(.text)
    timeout_item_init                        0x00004859   Thumb Code    80  timeout.o(.text)
    ms_timer_init                            0x000048a9   Thumb Code    80  timeout.o(.text)
    us_timer_init                            0x000048f9   Thumb Code   110  timeout.o(.text)
    timeout_init                             0x00004967   Thumb Code   368  timeout.o(.text)
    timeout_off                              0x00004ad7   Thumb Code     2  timeout.o(.text)
    get_timeout_time                         0x00004ad9   Thumb Code    74  timeout.o(.text)
    set_timeout_time                         0x00004b23   Thumb Code    76  timeout.o(.text)
    stop_timeout_timer                       0x00004b6f   Thumb Code    24  timeout.o(.text)
    start_timeout_timer                      0x00004b87   Thumb Code    24  timeout.o(.text)
    timeout_add_item                         0x00004b9f   Thumb Code   442  timeout.o(.text)
    timeout_remove_item                      0x00004d59   Thumb Code   394  timeout.o(.text)
    timeout_updata_item                      0x00004ee3   Thumb Code   346  timeout.o(.text)
    us_timeout_interrupt_handler             0x0000503d   Thumb Code    18  timeout.o(.text)
    ms_timeout_interrupt_handler             0x0000504f   Thumb Code    18  timeout.o(.text)
    TIMER0H_IRQHandler                       0x00005061   Thumb Code    26  timeout.o(.text)
    TIMER0L_IRQHandler                       0x0000507b   Thumb Code    36  timeout.o(.text)
    wdtimer_stop                             0x000050f5   Thumb Code    22  wdtimer0.o(.text)
    mac_init                                 0x00005115   Thumb Code    28  mac_state.o(.text)
    rf2xx_hal_register_read                  0x00005139   Thumb Code    54  rf2xx_hal.o(.text)
    rf2xx_hal_register_write                 0x0000516f   Thumb Code    52  rf2xx_hal.o(.text)
    rf2xx_hal_subregister_read               0x000051a3   Thumb Code    48  rf2xx_hal.o(.text)
    rf2xx_hal_subregister_write              0x000051d3   Thumb Code    68  rf2xx_hal.o(.text)
    rf2xx_hal_frame_read                     0x00005217   Thumb Code   146  rf2xx_hal.o(.text)
    rf2xx_hal_frame_write                    0x000052a9   Thumb Code    50  rf2xx_hal.o(.text)
    rf2xx_hal_sram_read                      0x000052db   Thumb Code    52  rf2xx_hal.o(.text)
    rf2xx_hal_sram_write                     0x0000530f   Thumb Code    50  rf2xx_hal.o(.text)
    rf2xx_Init                               0x0000534d   Thumb Code   114  rf2xx_init.o(.text)
    get_rfspi_clkdiv                         0x000053c1   Thumb Code    40  rf2xx_mcu.o(.text)
    rf2xx_spi_init                           0x000053e9   Thumb Code   172  rf2xx_mcu.o(.text)
    rf2xx_port_init                          0x00005495   Thumb Code   142  rf2xx_mcu.o(.text)
    rf2xx_port_off                           0x00005523   Thumb Code   144  rf2xx_mcu.o(.text)
    rf2xx_trx_reset                          0x000055b3   Thumb Code    62  rf2xx_mcu.o(.text)
    PBEXT1_IRQHandler                        0x000055f1   Thumb Code   102  rf2xx_mcu.o(.text)
    rf2xx_clear_trx_end_flag                 0x000056ad   Thumb Code     8  rf2xx_option.o(.text)
    rf2xx_set_trx_end_flag                   0x000056b5   Thumb Code     8  rf2xx_option.o(.text)
    rf2xx_get_trx_end_flag                   0x000056bd   Thumb Code     6  rf2xx_option.o(.text)
    rf_tx_on                                 0x000056c3   Thumb Code     8  rf2xx_option.o(.text)
    rf_rx_on                                 0x000056cb   Thumb Code     8  rf2xx_option.o(.text)
    rf_if_rx                                 0x000056d3   Thumb Code     6  rf2xx_option.o(.text)
    rf2xx_protoc_init                        0x000056e1   Thumb Code    68  rf2xx_protoc.o(.text)
    rf2xx_recv_on                            0x0000574d   Thumb Code    46  rf2xx_recv.o(.text)
    mac_parze_packet                         0x0000577b   Thumb Code   574  rf2xx_recv.o(.text)
    rf2xx_trx_recv_packet                    0x000059b9   Thumb Code   892  rf2xx_recv.o(.text)
    p_recv_packet_lock                       0x00005d35   Thumb Code     8  rf2xx_recv.o(.text)
    v_recv_packet_lock                       0x00005d3d   Thumb Code     8  rf2xx_recv.o(.text)
    get_recv_packet_lock                     0x00005d45   Thumb Code     6  rf2xx_recv.o(.text)
    mac_assemble_packet                      0x00005d5d   Thumb Code   124  rf2xx_send.o(.text)
    mac_send_packet_extend                   0x00005dd9   Thumb Code   100  rf2xx_send.o(.text)
    mac_send_packet_basic                    0x00005e3d   Thumb Code   100  rf2xx_send.o(.text)
    RfSend_Test_Mode                         0x00005ea1   Thumb Code    98  rf2xx_send.o(.text)
    spi1_read_buff                           0x00005f11   Thumb Code   290  rf2xx_spi.o(.text)
    spi1_read_buff_with_addr                 0x00006033   Thumb Code   196  rf2xx_spi.o(.text)
    spi1_w8w8                                0x000060f7   Thumb Code   132  rf2xx_spi.o(.text)
    spi1_w8r8                                0x0000617b   Thumb Code   124  rf2xx_spi.o(.text)
    spi1_write_buff                          0x000061f7   Thumb Code   176  rf2xx_spi.o(.text)
    spi1_write_buff_with_addr                0x000062a7   Thumb Code   166  rf2xx_spi.o(.text)
    rf2xx_tat_get_trx_state                  0x0000635d   Thumb Code    20  rf2xx_tat.o(.text)
    rf2xx_tat_init                           0x00006371   Thumb Code   396  rf2xx_tat.o(.text)
    rf2xx_tat_reset_state_machine            0x000064fd   Thumb Code    50  rf2xx_tat.o(.text)
    rf2xx_tat_set_trx_state                  0x0000652f   Thumb Code   190  rf2xx_tat.o(.text)
    rf2xx_tat_get_operating_channel          0x000065ed   Thumb Code    98  rf2xx_tat.o(.text)
    rf2xx_tat_set_operating_channel          0x0000664f   Thumb Code   204  rf2xx_tat.o(.text)
    rf2xx_tat_get_tx_power_level             0x0000671b   Thumb Code   100  rf2xx_tat.o(.text)
    rf2xx_tat_set_tx_power_level             0x0000677f   Thumb Code   112  rf2xx_tat.o(.text)
    rf2xx_tat_set_modulation_datarate        0x000067ef   Thumb Code   100  rf2xx_tat.o(.text)
    rf2xx_tat_do_ed_scan                     0x00006853   Thumb Code    58  rf2xx_tat.o(.text)
    rf2xx_tat_get_cca_mode                   0x0000688d   Thumb Code    20  rf2xx_tat.o(.text)
    rf2xx_tat_get_ed_threshold               0x000068a1   Thumb Code    20  rf2xx_tat.o(.text)
    rf2xx_tat_set_cca_mode                   0x000068b5   Thumb Code    66  rf2xx_tat.o(.text)
    rf2xx_tat_do_cca                         0x000068f7   Thumb Code   126  rf2xx_tat.o(.text)
    rf2xx_tat_get_rssi_value                 0x00006975   Thumb Code    38  rf2xx_tat.o(.text)
    rf2xx_tat_batmon_get_voltage_threshold   0x0000699b   Thumb Code    20  rf2xx_tat.o(.text)
    rf2xx_tat_batmon_get_voltage_range       0x000069af   Thumb Code    20  rf2xx_tat.o(.text)
    rf2xx_tat_batmon_configure               0x000069c3   Thumb Code    70  rf2xx_tat.o(.text)
    rf2xx_tat_batmon_get_status              0x00006a09   Thumb Code    28  rf2xx_tat.o(.text)
    rf2xx_tat_get_clock_speed                0x00006a25   Thumb Code    20  rf2xx_tat.o(.text)
    rf2xx_tat_set_clock_speed                0x00006a39   Thumb Code    70  rf2xx_tat.o(.text)
    rf2xx_tat_calibrate_filter               0x00006a7f   Thumb Code    64  rf2xx_tat.o(.text)
    rf2xx_tat_calibrate_pll                  0x00006abf   Thumb Code    52  rf2xx_tat.o(.text)
    rf2xx_tat_enter_sleep_mode               0x00006af3   Thumb Code    38  rf2xx_tat.o(.text)
    rf2xx_tat_leave_sleep_mode               0x00006b19   Thumb Code    88  rf2xx_tat.o(.text)
    rf2xx_tat_use_auto_tx_crc                0x00006b71   Thumb Code    92  rf2xx_tat.o(.text)
    rf2xx_tat_get_device_role                0x00006bcd   Thumb Code    20  rf2xx_tat.o(.text)
    rf2xx_tat_set_device_role                0x00006be1   Thumb Code    36  rf2xx_tat.o(.text)
    rf2xx_tat_set_irq_mask                   0x00006c05   Thumb Code    46  rf2xx_tat.o(.text)
    rf2xx_tat_get_irq_mask                   0x00006c33   Thumb Code    16  rf2xx_tat.o(.text)
    rf2xx_tat_get_irq_status                 0x00006c43   Thumb Code    16  rf2xx_tat.o(.text)
    rf2xx_tat_set_enhanced_feature           0x00006c53   Thumb Code    80  rf2xx_tat.o(.text)
    rf2xx_tat_set_bitrate                    0x00006ca3   Thumb Code    68  rf2xx_tat.o(.text)
    rf2xx_tat_get_pan_id                     0x00006ce7   Thumb Code    54  rf2xx_tat.o(.text)
    rf2xx_tat_set_pan_id                     0x00006d1d   Thumb Code    26  rf2xx_tat.o(.text)
    rf2xx_tat_get_short_address              0x00006d37   Thumb Code    54  rf2xx_tat.o(.text)
    rf2xx_tat_set_short_address              0x00006d6d   Thumb Code    26  rf2xx_tat.o(.text)
    rf2xx_tat_get_ed_value                   0x00006d87   Thumb Code    16  rf2xx_tat.o(.text)
    rf2xx_tat_configure_csma                 0x00006d97   Thumb Code   168  rf2xx_tat.o(.text)
    rf2xx_tat_send_data_with_retry           0x00006e3f   Thumb Code   154  rf2xx_tat.o(.text)
    rf2xx_tat_send_basic_with_retry          0x00006ed9   Thumb Code   186  rf2xx_tat.o(.text)
    rf2xx_tat_send_packet                    0x00006f93   Thumb Code   116  rf2xx_tat.o(.text)
    rf2xx_tat_get_transaction_state          0x00007007   Thumb Code    58  rf2xx_tat.o(.text)
    set_band_channel                         0x00007051   Thumb Code   602  rf2xx_version.o(.text)
    get_band_channel                         0x000072ab   Thumb Code   110  rf2xx_version.o(.text)
    get_transaction_time                     0x00007319   Thumb Code    46  rf2xx_version.o(.text)
    calc_time_cca                            0x00007347   Thumb Code   118  rf2xx_version.o(.text)
    calc_trx_end_time_basic                  0x000073bd   Thumb Code   112  rf2xx_version.o(.text)
    calc_trx_end_time_extend                 0x0000742d   Thumb Code   152  rf2xx_version.o(.text)
    crc_initial                              0x000074d5   Thumb Code     6  crc.o(.text)
    crc_step                                 0x000074db   Thumb Code    56  crc.o(.text)
    crc_finish                               0x00007513   Thumb Code    42  crc.o(.text)
    crc_calculate                            0x0000753d   Thumb Code    50  crc.o(.text)
    crc_compute                              0x0000756f   Thumb Code   184  crc.o(.text)
    crc_ccitt_update                         0x00007627   Thumb Code    28  crc.o(.text)
    resume_sysparam                          0x0000764d   Thumb Code   160  sysparam.o(.text)
    set_sysparam                             0x000076f9   Thumb Code    58  sysparam_option.o(.text)
    copy_sysparam_to_buff                    0x00007733   Thumb Code    18  sysparam_option.o(.text)
    set_sysparam_to_buff                     0x00007745   Thumb Code    28  sysparam_option.o(.text)
    copy_sysparam_to_flash                   0x00007761   Thumb Code    18  sysparam_option.o(.text)
    get_sysparam                             0x00007773   Thumb Code    24  sysparam_option.o(.text)
    __aeabi_llsl                             0x00007791   Thumb Code    30  llshl.o(.text)
    _ll_shift_l                              0x00007791   Thumb Code     0  llshl.o(.text)
    rand                                     0x000077b1   Thumb Code    20  rand.o(.text)
    srand                                    0x000077c5   Thumb Code     6  rand.o(.text)
    __aeabi_memcpy                           0x000077d5   Thumb Code    36  memcpya.o(.text)
    __aeabi_memcpy4                          0x000077d5   Thumb Code     0  memcpya.o(.text)
    __aeabi_memcpy8                          0x000077d5   Thumb Code     0  memcpya.o(.text)
    __aeabi_uldivmod                         0x000077f9   Thumb Code    98  uldiv.o(.text)
    __scatterload                            0x0000785d   Thumb Code    28  init.o(.text)
    __scatterload_rt2                        0x0000785d   Thumb Code     0  init.o(.text)
    __aeabi_llsr                             0x00007881   Thumb Code    32  llushr.o(.text)
    _ll_ushift_r                             0x00007881   Thumb Code     0  llushr.o(.text)
    __decompress                             0x000078a1   Thumb Code     0  __dczerorl2.o(.text)
    __decompress1                            0x000078a1   Thumb Code    92  __dczerorl2.o(.text)
    __0printf$8                              0x000078fd   Thumb Code    22  printf8.o(i.__0printf$8)
    __1printf$8                              0x000078fd   Thumb Code     0  printf8.o(i.__0printf$8)
    __2printf                                0x000078fd   Thumb Code     0  printf8.o(i.__0printf$8)
    __scatterload_copy                       0x0000791d   Thumb Code    14  handlers.o(i.__scatterload_copy)
    __scatterload_null                       0x0000792b   Thumb Code     2  handlers.o(i.__scatterload_null)
    __scatterload_zeroinit                   0x0000792d   Thumb Code    14  handlers.o(i.__scatterload_zeroinit)
    Region$$Table$$Base                      0x00007d9c   Number         0  anon$$obj.o(Region$$Table)
    Region$$Table$$Limit                     0x00007dbc   Number         0  anon$$obj.o(Region$$Table)
    ITM_RxBuffer                             0x20000000   Data           4  retarget_arm.o(.data)
    __stdout                                 0x20000004   Data           4  retarget_arm.o(.data)
    __stdin                                  0x20000008   Data           4  retarget_arm.o(.data)
    SystemCoreClock                          0x2000000c   Data           4  system_sim3l1xx.o(.data)
    test_num                                 0x20000010   Data           1  main.o(.data)
    alarm1                                   0x20000014   Data           4  main.o(.data)
    inter                                    0x20000018   Data           4  main.o(.data)
    num                                      0x2000001c   Data           1  main.o(.data)
    num2                                     0x2000001d   Data           1  main.o(.data)
    num3                                     0x20000020   Data           4  main.o(.data)
    num4                                     0x20000024   Data           4  main.o(.data)
    time_waking                              0x20000028   Data           1  main.o(.data)
    temp_time                                0x20000030   Data           8  main.o(.data)
    c_state                                  0x20000038   Data           1  main.o(.data)
    idle_cnt                                 0x20000040   Data           8  main.o(.data)
    wake                                     0x20000048   Data           1  main.o(.data)
    exciterID                                0x2000004a   Data           2  main.o(.data)
    exciterType                              0x2000004c   Data           1  main.o(.data)
    lastRID                                  0x2000004e   Data           2  main.o(.data)
    period                                   0x20000050   Data           1  main.o(.data)
    enCount                                  0x20000051   Data           1  main.o(.data)
    exCount                                  0x20000052   Data           1  main.o(.data)
    PconSignal                               0x20000053   Data           1  main.o(.data)
    PnoSignal                                0x20000054   Data           1  main.o(.data)
    CnoSignal                                0x20000055   Data           1  main.o(.data)
    ms_offset                                0x20000058   Data           4  main.o(.data)
    ms_offset_payoff                         0x2000005c   Data           4  main.o(.data)
    battery                                  0x20000060   Data           2  main.o(.data)
    HnoSignal                                0x20000062   Data           1  main.o(.data)
    pending_received_flag                    0x20000063   Data           1  main.o(.data)
    in_cave_received_flag                    0x20000064   Data           1  main.o(.data)
    tDelay                                   0x20000068   Data           4  main.o(.data)
    tDelayValid                              0x2000006c   Data           4  main.o(.data)
    cnt                                      0x20000070   Data           1  main.o(.data)
    ATC_CFG                                  0x20000074   Data           9  configuration.o(.data)
    ATC_TGID                                 0x2000007d   Data           9  configuration.o(.data)
    ATC_CMSK                                 0x20000086   Data           9  configuration.o(.data)
    ATC_CHL                                  0x2000008f   Data           8  configuration.o(.data)
    ATC_EMSK                                 0x20000097   Data           9  configuration.o(.data)
    ATC_EDPT                                 0x200000a0   Data           9  configuration.o(.data)
    ATC_HPT                                  0x200000a9   Data           8  configuration.o(.data)
    ATC_HPTO                                 0x200000b1   Data           9  configuration.o(.data)
    ATC_EDPC                                 0x200000ba   Data           9  configuration.o(.data)
    ATC_GMSK                                 0x200000c3   Data           9  configuration.o(.data)
    ATC_WTIM                                 0x200000cc   Data           9  configuration.o(.data)
    ATC_RSSI                                 0x200000d5   Data           9  configuration.o(.data)
    ATC_SDPC                                 0x200000de   Data           9  configuration.o(.data)
    ATC_PTIM                                 0x200000e7   Data           9  configuration.o(.data)
    ATC_LTIM                                 0x200000f0   Data           9  configuration.o(.data)
    ATC_XCNT                                 0x200000f9   Data           9  configuration.o(.data)
    ATC_ICNT                                 0x20000102   Data           9  configuration.o(.data)
    ATC_OCNT                                 0x2000010b   Data           9  configuration.o(.data)
    ATC_TRSSI                                0x20000114   Data          10  configuration.o(.data)
    ATC_QUIT                                 0x2000011e   Data           8  configuration.o(.data)
    pkt_config_value                         0x20000126   Data           2  configuration.o(.data)
    data_pointer                             0x20000128   Data           4  configuration.o(.data)
    compare_result                           0x2000012c   Data           1  configuration.o(.data)
    pkt_config_num                           0x2000012d   Data           1  configuration.o(.data)
    flash_write_return                       0x2000012e   Data           1  configuration.o(.data)
    conf_cmd                                 0x20000130   Data           4  configuration.o(.data)
    current_software_version                 0x20000138   Data           2  event_receive_pkt.o(.data)
    write_flash_ok                           0x2000013a   Data         350  event_receive_pkt.o(.data)
    error_piece_num                          0x20000298   Data           4  event_receive_pkt.o(.data)
    next_wakeup_time_temp                    0x200002a0   Data           8  event_receive_pkt.o(.data)
    write_flash_time_out                     0x200002b8   Data           4  event_receive_pkt.o(.data)
    is_sent                                  0x200002bc   Data           4  event_receive_pkt.o(.data)
    reboot_flag                              0x200002c0   Data           2  event_receive_pkt.o(.data)
    boot_len                                 0x200002c4   Data           4  event_receive_pkt.o(.data)
    test_code_addr                           0x200002c8   Data           4  event_receive_pkt.o(.data)
    wkp_sub_time                             0x200002cc   Data           4  event_wk_time.o(.data)
    secOverflow                              0x200002d0   Data           1  event_wk_time.o(.data)
    minOverflow                              0x200002d1   Data           1  event_wk_time.o(.data)
    temp_time_long                           0x200002d4   Data           4  event_wk_time.o(.data)
    temp_alarm_time_long                     0x200002d8   Data           4  event_wk_time.o(.data)
    temp_pan_id                              0x200002dc   Data           2  event_wk_time.o(.data)
    rssi                                     0x200002de   Data           1  event_wk_time.o(.data)
    recv_next_wakeup_time                    0x200002e0   Data           4  event_wk_time.o(.data)
    long_count                               0x200002e4   Data           4  event_wk_time.o(.data)
    systick_num                              0x200002e8   Data           1  systick.o(.data)
    timedelay                                0x200002ec   Data           4  systick.o(.data)
    dat                                      0x200002f4   Data           4  as3933.o(.data)
    k_3933                                   0x200002f8   Data           1  as3933.o(.data)
    ex_id                                    0x200002fa   Data           2  as3933.o(.data)
    ex_crc                                   0x200002fc   Data           2  as3933.o(.data)
    rssi1                                    0x200002fe   Data           1  as3933.o(.data)
    rssi2                                    0x200002ff   Data           1  as3933.o(.data)
    calcout_crc                              0x20000300   Data           2  as3933.o(.data)
    as_timeout                               0x20000304   Data           4  as3933.o(.data)
    excite_right_cnt                         0x20000308   Data           4  as3933.o(.data)
    excite_false_cnt                         0x2000030c   Data           4  as3933.o(.data)
    countBits                                0x20000310   Data           1  as3933.o(.data)
    pmatch_cnt                               0x20000314   Data           4  as3933.o(.data)
    lastEID                                  0x20000318   Data           2  as3933.o(.data)
    id_buff                                  0x2000031a   Data           2  as3933.o(.data)
    extosc_clock_base                        0x2000031c   Data           4  clkctrl.o(.data)
    system_clock                             0x20000320   Data           8  clkctrl.o(.data)
    periph_clock                             0x20000328   Data           8  clkctrl.o(.data)
    DataTxTime                               0x20000330   Data           4  cpu.o(.data)
    msTicks                                  0x20000334   Data           4  cpu.o(.data)
    SystemPeripheralClock                    0x20000338   Data           4  cpu.o(.data)
    enter_sleep_cnt                          0x2000033c   Data           4  pmu.o(.data)
    false_wake_up                            0x20000340   Data           1  pmu.o(.data)
    rtc_alarm_relative_map                   0x20000344   Data           5  rtc_alarm_relative.o(.data)
    rtc_alarm_relative_head                  0x2000034c   Data           4  rtc_alarm_relative.o(.data)
    overflow_value                           0x20000350   Data           4  rtc0.o(.data)
    overflow_offset                          0x20000354   Data           4  rtc0.o(.data)
    time                                     0x20000358   Data           8  rtc0.o(.data)
    caca                                     0x20000360   Data           8  rtc0.o(.data)
    cccc_time                                0x20000368   Data           8  rtc0.o(.data)
    real_time_offset                         0x20000370   Data           4  rtc0.o(.data)
    read_alarm1                              0x20000374   Data           4  rtc0.o(.data)
    flag                                     0x20000378   Data           4  rtc0.o(.data)
    alarm1_cnt                               0x2000037c   Data           4  rtc0.o(.data)
    alarm0_cnt                               0x20000380   Data           4  rtc0.o(.data)
    alarm2_cnt                               0x20000384   Data           4  rtc0.o(.data)
    long_counter                             0x20000388   Data           4  rtc0.o(.data)
    rtc_wake_event                           0x2000038c   Data           1  rtc0.o(.data)
    next_wakeup_time                         0x20000390   Data           8  rtc0.o(.data)
    temp_alram1_time                         0x20000398   Data           4  rtc0.o(.data)
    pkt_sub_time                             0x2000039c   Data           2  rtc0.o(.data)
    pkt_time_long                            0x200003a0   Data           4  rtc0.o(.data)
    pkt_next_time_long                       0x200003a4   Data           4  rtc0.o(.data)
    cur_time                                 0x200003a8   Data           8  rtc0.o(.data)
    next_temp_time                           0x200003b0   Data           8  rtc0.o(.data)
    read_setcap                              0x200003b8   Data           4  rtc0.o(.data)
    rtc_time                                 0x200003bc   Data           4  rtc0.o(.data)
    ret_time                                 0x200003c0   Data           8  rtc0.o(.data)
    timeout_current_us_time                  0x200003c8   Data           2  timeout.o(.data)
    timeout_current_ms_time                  0x200003ca   Data           2  timeout.o(.data)
    add_cnt                                  0x200003cc   Data           4  timeout.o(.data)
    update_cnt                               0x200003d0   Data           4  timeout.o(.data)
    zenme                                    0x200003d4   Data           4  timeout.o(.data)
    clkdiv_us                                0x200003d8   Data           1  timeout.o(.data)
    clkdiv_ms                                0x200003d9   Data           1  timeout.o(.data)
    factor_us                                0x200003da   Data           2  timeout.o(.data)
    factor_ms                                0x200003dc   Data           2  timeout.o(.data)
    us_timeout_index                         0x200003de   Data           1  timeout.o(.data)
    ms_timeout_index                         0x200003df   Data           1  timeout.o(.data)
    succ_num                                 0x200003e0   Data           4  rf2xx_mcu.o(.data)
    rf2xx_interrupt_source                   0x200003e4   Data           1  rf2xx_mcu.o(.data)
    trx_end_callback                         0x200003e8   Data           4  rf2xx_mcu.o(.data)
    rf2xx_trx_end_flag                       0x200003ec   Data           1  rf2xx_option.o(.data)
    rx_flag                                  0x200003ed   Data           1  rf2xx_option.o(.data)
    recv_packet_lock                         0x200003f0   Data           1  rf2xx_recv.o(.data)
    received_pkt                             0x200003f8   Data          32  rf2xx_recv.o(.data)
    received_time                            0x20000418   Data           8  rf2xx_recv.o(.data)
    packet_received                          0x20000420   Data           4  rf2xx_recv.o(.data)
    r_time                                   0x20000428   Data           8  rf2xx_recv.o(.data)
    txSeqNumber                              0x20000430   Data           1  rf2xx_send.o(.data)
    tx_frame_current_position                0x20000431   Data           1  rf2xx_send.o(.data)
    rf2xx_send_timeout_flag                  0x20000432   Data           1  rf2xx_tat.o(.data)
    trx_current_state                        0x20000433   Data           1  rf2xx_tat.o(.data)
    time_cca                                 0x20000434   Data           4  rf2xx_version.o(.data)
    trx_end_time_basic                       0x20000438   Data           4  rf2xx_version.o(.data)
    trx_end_time_extend                      0x2000043c   Data           4  rf2xx_version.o(.data)
    panid                                    0x20000440   Data           2  rf2xx_version.o(.data)
    id                                       0x20000442   Data           2  rf2xx_version.o(.data)
    channel_2_4G                             0x20000444   Data           1  rf2xx_version.o(.data)
    rf231_bitrate                            0x20000445   Data           1  rf2xx_version.o(.data)
    rf212_bitrate                            0x20000446   Data           1  rf2xx_version.o(.data)
    rf23x_txpower                            0x20000447   Data           1  rf2xx_version.o(.data)
    rf212_txpower                            0x20000448   Data           1  rf2xx_version.o(.data)
    rf212_pa_boost                           0x20000449   Data           1  rf2xx_version.o(.data)
    rf212_band_set                           0x2000044c   Data           4  rf2xx_version.o(.data)
    rf2xx_version                            0x20000450   Data           1  rf2xx_version.o(.data)
    rf212_cc_number                          0x20000451   Data           1  rf2xx_version.o(.data)
    rf212_cc_band                            0x20000452   Data           1  rf2xx_version.o(.data)
    rf212_channel                            0x20000453   Data           1  rf2xx_version.o(.data)
    count_num_crc                            0x20000454   Data           2  crc.o(.data)
    crc_cnt                                  0x20000456   Data           2  crc.o(.data)
    interval                                 0x20000458   Data           4  sysparam.o(.data)
    pkt_config_struct                        0x20000460   Data          12  configuration.o(.bss)
    config_item                              0x2000046c   Data          40  configuration.o(.bss)
    config_item_flag                         0x20000494   Data          20  configuration.o(.bss)
    config_item_test                         0x200004a8   Data          40  configuration.o(.bss)
    cfg_paras                                0x200004d0   Data          40  configuration.o(.bss)
    pkt_time_struct                          0x200004f8   Data          32  event_receive_pkt.o(.bss)
    pkt_cave_struct                          0x20000518   Data          32  event_receive_pkt.o(.bss)
    frame                                    0x20000538   Data         127  event_receive_pkt.o(.bss)
    rValue                                   0x200005b7   Data          20  as3933.o(.bss)
    rtc_alarm_relative_table                 0x200005d0   Data         160  rtc_alarm_relative.o(.bss)
    rtc_alarm_relative_header                0x20000670   Data          32  rtc_alarm_relative.o(.bss)
    us_timeout_array                         0x20000690   Data          60  timeout.o(.bss)
    ms_timeout_array                         0x200006cc   Data         120  timeout.o(.bss)
    rfSettings                               0x20000744   Data          12  rf2xx_protoc.o(.bss)
    pTxBuffer                                0x20000750   Data         118  rf2xx_protoc.o(.bss)
    pRxBuffer                                0x200007c6   Data         118  rf2xx_protoc.o(.bss)
    rfRxInfo                                 0x20000840   Data          32  rf2xx_recv.o(.bss)
    rfRx                                     0x20000860   Data          32  rf2xx_recv.o(.bss)
    rx_frame                                 0x20000880   Data         130  rf2xx_recv.o(.bss)
    pReceivedBuffer                          0x20000902   Data         118  rf2xx_recv.o(.bss)
    received_packet_pool                     0x20000978   Data         518  rf2xx_recv.o(.bss)
    rfTxInfo                                 0x20000b80   Data          16  rf2xx_send.o(.bss)
    tx_frame                                 0x20000b90   Data         127  rf2xx_send.o(.bss)
    param_temp_buff                          0x20000c0f   Data        1024  sysparam_option.o(.bss)
    Image$$ARM_LIB_STACK$$ZI$$Limit          0x20004000   Number         0  anon$$obj.o(ARM_LIB_STACK.bss)



==============================================================================

Memory Map of the image

  Image Entry point : 0x000000f1

  Load Region LR_MCU_FLASH (Base: 0x00000000, Size: 0x0000821c, Max: 0x00010000, ABSOLUTE, COMPRESSED[0x00007e54])

    Execution Region MCU_FLASH (Base: 0x00000000, Size: 0x00007dbc, Max: 0xffffffff, ABSOLUTE)

    Base Addr    Size         Type   Attr      Idx    E Section Name        Object

    0x00000000   0x000000f0   Data   RO          168    RESET               startup_sim3l1xx_arm.o
    0x000000f0   0x00000000   Code   RO         2072  * .ARM.Collect$$$$00000000  mc_w.l(entry.o)
    0x000000f0   0x00000004   Code   RO         2345    .ARM.Collect$$$$00000003  mc_w.l(entry4.o)
    0x000000f4   0x00000004   Code   RO         2348    .ARM.Collect$$$$00000004  mc_w.l(entry5.o)
    0x000000f8   0x00000000   Code   RO         2350    .ARM.Collect$$$$00000008  mc_w.l(entry7b.o)
    0x000000f8   0x00000000   Code   RO         2352    .ARM.Collect$$$$0000000A  mc_w.l(entry8b.o)
    0x000000f8   0x00000008   Code   RO         2353    .ARM.Collect$$$$0000000B  mc_w.l(entry9a.o)
    0x00000100   0x00000000   Code   RO         2355    .ARM.Collect$$$$0000000D  mc_w.l(entry10a.o)
    0x00000100   0x00000000   Code   RO         2357    .ARM.Collect$$$$0000000F  mc_w.l(entry11a.o)
    0x00000100   0x00000004   Code   RO         2346    .ARM.Collect$$$$00002714  mc_w.l(entry4.o)
    0x00000104   0x00000018   Code   RO         1443    .emb_text           mcu.o
    0x0000011c   0x0000009c   Code   RO            4    .text               retarget_arm.o
    0x000001b8   0x0000007c   Code   RO          169    .text               startup_sim3l1xx_arm.o
    0x00000234   0x00000054   Code   RO          174    .text               system_sim3l1xx.o
    0x00000288   0x0000015a   Code   RO          649    .text               si32_rstsrc_a_type.o
    0x000003e2   0x00000002   PAD
    0x000003e4   0x00000f8c   Code   RO          668    .text               main.o
    0x00001370   0x000009fc   Code   RO          852    .text               configuration.o
    0x00001d6c   0x00000044   Code   RO          891    .text               event_exciter.o
    0x00001db0   0x00000a20   Code   RO          914    .text               event_receive_pkt.o
    0x000027d0   0x00000288   Code   RO         1113    .text               event_wk_time.o
    0x00002a58   0x0000002c   Code   RO         1154    .text               flash_operation.o
    0x00002a84   0x000000e4   Code   RO         1168    .text               systick.o
    0x00002b68   0x000003c0   Code   RO         1204    .text               as3933.o
    0x00002f28   0x00000074   Code   RO         1248    .text               as3933_hal.o
    0x00002f9c   0x00000168   Code   RO         1264    .text               as3933_spi.o
    0x00003104   0x00000494   Code   RO         1285    .text               clkctrl.o
    0x00003598   0x00000224   Code   RO         1311    .text               cpu.o
    0x000037bc   0x000001ac   Code   RO         1386    .text               flashctrl.o
    0x00003968   0x00000024   Code   RO         1454    .text               modes.o
    0x0000398c   0x00000048   Code   RO         1483    .text               pb.o
    0x000039d4   0x0000033c   Code   RO         1499    .text               pmu.o
    0x00003d10   0x00000320   Code   RO         1527    .text               rtc_alarm_relative.o
    0x00004030   0x00000828   Code   RO         1554    .text               rtc0.o
    0x00004858   0x0000089c   Code   RO         1594    .text               timeout.o
    0x000050f4   0x00000020   Code   RO         1618    .text               wdtimer0.o
    0x00005114   0x00000024   Code   RO         1709    .text               mac_state.o
    0x00005138   0x00000214   Code   RO         1729    .text               rf2xx_hal.o
    0x0000534c   0x00000072   Code   RO         1749    .text               rf2xx_init.o
    0x000053be   0x00000002   PAD
    0x000053c0   0x000002ec   Code   RO         1769    .text               rf2xx_mcu.o
    0x000056ac   0x00000034   Code   RO         1792    .text               rf2xx_option.o
    0x000056e0   0x0000006c   Code   RO         1815    .text               rf2xx_protoc.o
    0x0000574c   0x00000610   Code   RO         1839    .text               rf2xx_recv.o
    0x00005d5c   0x000001b4   Code   RO         1867    .text               rf2xx_send.o
    0x00005f10   0x0000043c   Code   RO         1894    .text               rf2xx_spi.o
    0x0000634c   0x00000d04   Code   RO         1910    .text               rf2xx_tat.o
    0x00007050   0x00000484   Code   RO         1934    .text               rf2xx_version.o
    0x000074d4   0x00000178   Code   RO         1959    .text               crc.o
    0x0000764c   0x000000ac   Code   RO         1978    .text               sysparam.o
    0x000076f8   0x00000098   Code   RO         2046    .text               sysparam_option.o
    0x00007790   0x0000001e   Code   RO         2075    .text               mc_w.l(llshl.o)
    0x000077ae   0x00000002   PAD
    0x000077b0   0x00000024   Code   RO         2077    .text               mc_w.l(rand.o)
    0x000077d4   0x00000024   Code   RO         2080    .text               mc_w.l(memcpya.o)
    0x000077f8   0x00000062   Code   RO         2361    .text               mc_w.l(uldiv.o)
    0x0000785a   0x00000002   PAD
    0x0000785c   0x00000024   Code   RO         2374    .text               mc_w.l(init.o)
    0x00007880   0x00000020   Code   RO         2376    .text               mc_w.l(llushr.o)
    0x000078a0   0x0000005c   Code   RO         2390    .text               mc_w.l(__dczerorl2.o)
    0x000078fc   0x00000020   Code   RO         2291    i.__0printf$8       mc_w.l(printf8.o)
    0x0000791c   0x0000000e   Code   RO         2384    i.__scatterload_copy  mc_w.l(handlers.o)
    0x0000792a   0x00000002   Code   RO         2385    i.__scatterload_null  mc_w.l(handlers.o)
    0x0000792c   0x0000000e   Code   RO         2386    i.__scatterload_zeroinit  mc_w.l(handlers.o)
    0x0000793a   0x00000002   PAD
    0x0000793c   0x00000408   Code   RO         2298    i._printf_core      mc_w.l(printf8.o)
    0x00007d44   0x00000026   Code   RO         2299    i._printf_post_padding  mc_w.l(printf8.o)
    0x00007d6a   0x00000030   Code   RO         2300    i._printf_pre_padding  mc_w.l(printf8.o)
    0x00007d9a   0x00000002   PAD
    0x00007d9c   0x00000020   Data   RO         2382    Region$$Table       anon$$obj.o


    Execution Region MCU_RRAM (Base: 0x20000000, Size: 0x00000000, Max: 0x00004000, ABSOLUTE, UNINIT)

    **** No section assigned to this execution region ****


    Execution Region MCU_IRAM (Base: 0x20000000, Size: 0x00001010, Max: 0xffffffff, ABSOLUTE, COMPRESSED[0x00000098])

    Base Addr    Size         Type   Attr      Idx    E Section Name        Object

    0x20000000   0x0000000c   Data   RW            5    .data               retarget_arm.o
    0x2000000c   0x00000004   Data   RW          175    .data               system_sim3l1xx.o
    0x20000010   0x00000061   Data   RW          669    .data               main.o
    0x20000071   0x00000003   PAD
    0x20000074   0x000000c0   Data   RW          854    .data               configuration.o
    0x20000134   0x00000004   PAD
    0x20000138   0x00000194   Data   RW          916    .data               event_receive_pkt.o
    0x200002cc   0x0000001c   Data   RW         1115    .data               event_wk_time.o
    0x200002e8   0x0000000c   Data   RW         1169    .data               systick.o
    0x200002f4   0x00000028   Data   RW         1206    .data               as3933.o
    0x2000031c   0x00000014   Data   RW         1286    .data               clkctrl.o
    0x20000330   0x0000000c   Data   RW         1312    .data               cpu.o
    0x2000033c   0x00000005   Data   RW         1500    .data               pmu.o
    0x20000341   0x00000003   PAD
    0x20000344   0x0000000c   Data   RW         1529    .data               rtc_alarm_relative.o
    0x20000350   0x00000078   Data   RW         1555    .data               rtc0.o
    0x200003c8   0x00000018   Data   RW         1596    .data               timeout.o
    0x200003e0   0x0000000c   Data   RW         1770    .data               rf2xx_mcu.o
    0x200003ec   0x00000002   Data   RW         1793    .data               rf2xx_option.o
    0x200003ee   0x00000002   PAD
    0x200003f0   0x00000040   Data   RW         1841    .data               rf2xx_recv.o
    0x20000430   0x00000002   Data   RW         1869    .data               rf2xx_send.o
    0x20000432   0x00000002   Data   RW         1912    .data               rf2xx_tat.o
    0x20000434   0x00000020   Data   RW         1935    .data               rf2xx_version.o
    0x20000454   0x00000004   Data   RW         1960    .data               crc.o
    0x20000458   0x00000004   Data   RW         1979    .data               sysparam.o
    0x2000045c   0x00000004   Data   RW         2078    .data               mc_w.l(rand.o)
    0x20000460   0x00000098   Zero   RW          853    .bss                configuration.o
    0x200004f8   0x000000bf   Zero   RW          915    .bss                event_receive_pkt.o
    0x200005b7   0x00000014   Zero   RW         1205    .bss                as3933.o
    0x200005cb   0x00000005   PAD
    0x200005d0   0x000000c0   Zero   RW         1528    .bss                rtc_alarm_relative.o
    0x20000690   0x000000b4   Zero   RW         1595    .bss                timeout.o
    0x20000744   0x000000f8   Zero   RW         1816    .bss                rf2xx_protoc.o
    0x2000083c   0x00000004   PAD
    0x20000840   0x0000033e   Zero   RW         1840    .bss                rf2xx_recv.o
    0x20000b7e   0x00000002   PAD
    0x20000b80   0x0000008f   Zero   RW         1868    .bss                rf2xx_send.o
    0x20000c0f   0x00000400   Zero   RW         2047    .bss                sysparam_option.o


    Execution Region ARM_LIB_HEAP (Base: 0x20001010, Size: 0x00001000, Max: 0x00001000, ABSOLUTE, UNINIT)

    Base Addr    Size         Type   Attr      Idx    E Section Name        Object

    0x20001010   0x00001000   Zero   RW            1    ARM_LIB_HEAP.bss    anon$$obj.o


    Execution Region ARM_LIB_STACK (Base: 0x20003e00, Size: 0x00000200, Max: 0x00000200, ABSOLUTE, UNINIT)

    Base Addr    Size         Type   Attr      Idx    E Section Name        Object

    0x20003e00   0x00000200   Zero   RW            2    ARM_LIB_STACK.bss   anon$$obj.o


==============================================================================

Image component sizes


      Code (inc. data)   RO Data    RW Data    ZI Data      Debug   Object Name

       960         98          0         40         20      16954   as3933.o
       116          8          0          0          0        961   as3933_hal.o
       360         32          0          0          0        966   as3933_spi.o
      1172         90          0         20          0       3267   clkctrl.o
      2556        216          0        192        152       6592   configuration.o
       548        266          0         12          0       2456   cpu.o
       376         10          0          4          0       2825   crc.o
         0          0          0          0          0       3136   csma.o
         0          0          0          0          0        588   dcdc.o
        68          4          0          0          0        525   event_exciter.o
      2592        196          0        404        191      10628   event_receive_pkt.o
       648         90          0         28          0       2928   event_wk_time.o
        44          0          0          0          0       1199   flash_operation.o
       428         30          0          0          0       3459   flashctrl.o
        36          8          0          0          0        363   mac_state.o
      3980        460          0         97          0      18615   main.o
        24          0          0          0          0        248   mcu.o
        36          0          0          0          0        405   modes.o
        72         22          0          0          0        373   pb.o
       828        100          0          5          0      16917   pmu.o
       156         16          0         12          0      60171   retarget_arm.o
       532          0          0          0          0       3690   rf2xx_hal.o
       114          0          0          0          0        549   rf2xx_init.o
       748         68          0         12          0       2358   rf2xx_mcu.o
        52          8          0          2          0       1161   rf2xx_option.o
       108         40          0          0        248       1012   rf2xx_protoc.o
      1552         42          0         64        830       5009   rf2xx_recv.o
       436         14          0          2        143       2702   rf2xx_send.o
      1084          6          0          0          0       3288   rf2xx_spi.o
      3332        154          0          2          0      13929   rf2xx_tat.o
      1156         62          0         32          0       2920   rf2xx_version.o
      2088        162          0        120          0      19043   rtc0.o
       800         18          0         12        192       5100   rtc_alarm_relative.o
       346          0          0          0          0       7785   si32_rstsrc_a_type.o
       124         10        240          0          0       2772   startup_sim3l1xx_arm.o
       172         12          0          4          0        713   sysparam.o
       152          6          0          0       1024       1904   sysparam_option.o
        84          6          0          4          0        781   system_sim3l1xx.o
       228         24          0         12          0      15518   systick.o
      2204        130          0         24        180       6758   timeout.o
        32         10          0          0          0        363   wdtimer0.o

    ----------------------------------------------------------------------
     30348       2418        272       1116       7600     250931   Object Totals
         0          0         32          0       4608          0   (incl. Generated)
         4          0          0         12         12          0   (incl. Padding)

    ----------------------------------------------------------------------

      Code (inc. data)   RO Data    RW Data    ZI Data      Debug   Library Member Name

        92          0          0          0          0          0   __dczerorl2.o
         0          0          0          0          0          0   entry.o
         0          0          0          0          0          0   entry10a.o
         0          0          0          0          0          0   entry11a.o
         8          4          0          0          0          0   entry4.o
         4          0          0          0          0          0   entry5.o
         0          0          0          0          0          0   entry7b.o
         0          0          0          0          0          0   entry8b.o
         8          4          0          0          0          0   entry9a.o
        30          0          0          0          0          0   handlers.o
        36          8          0          0          0         68   init.o
        30          0          0          0          0         68   llshl.o
        32          0          0          0          0         68   llushr.o
        36          0          0          0          0         68   memcpya.o
      1150         54          0          0          0        352   printf8.o
        36         10          0          4          0        136   rand.o
        98          0          0          0          0         92   uldiv.o

    ----------------------------------------------------------------------
      1568         80          0          4          0        852   Library Totals
         8          0          0          0          0          0   (incl. Padding)

    ----------------------------------------------------------------------

      Code (inc. data)   RO Data    RW Data    ZI Data      Debug   Library Name

      1560         80          0          4          0        852   mc_w.l

    ----------------------------------------------------------------------
      1568         80          0          4          0        852   Library Totals

    ----------------------------------------------------------------------

==============================================================================


      Code (inc. data)   RO Data    RW Data    ZI Data      Debug   

     31916       2498        272       1120       7600     248299   Grand Totals
     31916       2498        272        152       7600     248299   ELF Image Totals (compressed)
     31916       2498        272        152          0          0   ROM Totals

==============================================================================

    Total RO  Size (Code + RO Data)                32188 (  31.43kB)
    Total RW  Size (RW Data + ZI Data)              8720 (   8.52kB)
    Total ROM Size (Code + RO Data + RW Data)      32340 (  31.58kB)

==============================================================================

